info: Tckr.MockExchange.Feed.FeedServer[0]
      Feed server listening on 127.0.0.1:9001 for up to 8 sessions.
info: Tckr.MockExchange.FeedPublisherService[0]
      Mock exchange starting: seed=20260907 symbols=250 target=25000/s mode=Continuous listen=127.0.0.1:9001 build=RELEASE.
info: Microsoft.Hosting.Lifetime[0]
      Application started. Press Ctrl+C to shut down.
info: Microsoft.Hosting.Lifetime[0]
      Hosting environment: Production
info: Microsoft.Hosting.Lifetime[0]
      Content root path: /Users/fadi/Work/Tckr/src/Tckr.MockExchange
info: Tckr.MockExchange.Diagnostics.ThroughputReporter[0]
      Feed status phase=ContinuousMorning target=25000/s achieved=22800/s (91.2%) sessions=0 no consumers connected lag_p99=0.0ms dropped=0 slow_disconnects=0 uptime=00:00:05
info: Tckr.MockExchange.Feed.FeedServer[0]
      Feed session 6f5a5cc0-4e96-478a-bb31-acffab4a3d1b accepted from 127.0.0.1:52873.
info: Tckr.MockExchange.Feed.FeedServer[0]
      Feed session 6fd7008f-30c0-4dac-874c-701853d2591d accepted from 127.0.0.1:52872.
info: Tckr.MockExchange.Diagnostics.ThroughputReporter[0]
      Feed status phase=ContinuousMorning target=25000/s achieved=25000/s (100.0%) sessions=2 lag_p99=0.0ms dropped=0 slow_disconnects=0 uptime=00:00:10
warn: Tckr.MockExchange.Feed.FeedServer[0]
      Feed session 6fd7008f-30c0-4dac-874c-701853d2591d at 127.0.0.1:52872 is behind: its 4194304-byte outbound buffer is full. Applying DropOldest if it has not drained within 2000 ms.
warn: Tckr.MockExchange.Diagnostics.ThroughputReporter[0]
      Feed status phase=ContinuousMorning target=25000/s achieved=25000/s (100.0%) sessions=2 lag_p99=0.0ms dropped=9000 slow_disconnects=0 uptime=00:00:15
warn: Tckr.MockExchange.Feed.FeedServer[0]
      Feed session 6fd7008f-30c0-4dac-874c-701853d2591d recovered under DropOldest; 109125 records were dropped and the consumer will see a sequence gap.
warn: Tckr.MockExchange.Diagnostics.ThroughputReporter[0]
      Feed status phase=ContinuousMorning target=25000/s achieved=25000/s (100.0%) sessions=2 lag_p99=0.0ms dropped=109125 slow_disconnects=0 uptime=00:00:20
info: Tckr.MockExchange.Diagnostics.ThroughputReporter[0]
      Feed status phase=ContinuousMorning target=25000/s achieved=25000/s (100.0%) sessions=2 lag_p99=0.0ms dropped=109125 slow_disconnects=0 uptime=00:00:25
info: Tckr.MockExchange.Feed.FeedServer[0]
      Feed session 6fd7008f-30c0-4dac-874c-701853d2591d at 127.0.0.1:52872 ended: client-closed.
info: Tckr.MockExchange.Feed.FeedServer[0]
      Feed session 6fd7008f-30c0-4dac-874c-701853d2591d closed: client-closed. Sent 17297536 bytes, dropped 109125 records.
info: Tckr.MockExchange.Feed.FeedServer[0]
      Feed session 6f5a5cc0-4e96-478a-bb31-acffab4a3d1b at 127.0.0.1:52873 ended: client-closed.
info: Tckr.MockExchange.Feed.FeedServer[0]
      Feed session 6f5a5cc0-4e96-478a-bb31-acffab4a3d1b closed: client-closed. Sent 22110036 bytes, dropped 0 records.
info: Microsoft.Hosting.Lifetime[0]
      Application is shutting down...
info: Tckr.MockExchange.Feed.FeedServer[0]
      Feed server stopping; draining 0 sessions within 2000 ms.
info: Tckr.MockExchange.Feed.FeedServer[0]
      Feed server stopped.
info: Tckr.MockExchange.Diagnostics.ThroughputReporter[0]
      Feed status phase=ContinuousMorning target=25000/s achieved=25000/s (100.0%) sessions=0 no consumers connected lag_p99=0.0ms dropped=109125 slow_disconnects=0 uptime=00:00:26
