Tckr.FeedProbe connecting to 127.0.0.1:9001 (duration 20s, target 1,000/s)
 [   5.0s] events        5,010   interval     1,001/s   overall     1,001/s   gaps   0   framing-errors   0
 [  10.0s] events       10,010   interval     1,000/s   overall     1,001/s   gaps   0   framing-errors   0
 [  15.0s] events       15,015   interval     1,000/s   overall     1,000/s   gaps   0   framing-errors   0

════════════════════════════════════════════════════════════
 Tckr.FeedProbe — session 3711…2215 — 20.0s
────────────────────────────────────────────────────────────
 Events received            20,010
 Achieved rate            1,000 /s   (target 1,000 — 100.0%)
 Rate min/max             1,000 /s       1,001 /s   (per report interval)
 Sequence gaps          0   (0 record(s) lost)
 Sequence integrity     0   (reorder/duplicate — always a bug, never a policy)
 Framing errors         0
 Wire throughput        0.04 MB/s   (44.0 bytes/event)
 Inter-arrival        p50 0.00ms  p95 5.01ms  p99 5.06ms  max 5.19ms
 Delivery latency     p50 0.97ms  p95 1.02ms  p99 1.07ms  max 2.12ms  (same-host clock — see notes)
 Message mix          trade 39.3%  bid 30.0%  ask 30.7%
 Symbol skew          top-1 14.1%  top-10 59.0%  top-50 98.7%  (174 symbols seen)
 Heartbeats             0   max interval 0ms   (configured 1000ms; 0 exceeded 2x)
 Auction prints         0   (observation only — Flags=0 on the default Continuous session mode; see notes)
 Order violations       0   (--verify-order)
────────────────────────────────────────────────────────────
 Top 20 symbols
   COMI          2,824    14.1%
   CIB           1,805     9.0%
   ORAS          1,357     6.8%
   SWDY          1,253     6.3%
   HRHO            930     4.6%
   TMGH            856     4.3%
   ETEL            808     4.0%
   EAST            714     3.6%
   ABUK            640     3.2%
   FWRY            624     3.1%
   SKPC            580     2.9%
   ESRS            525     2.6%
   AMOC            490     2.4%
   EFIH            415     2.1%
   MNHD            412     2.1%
   PHDC            405     2.0%
   JUFO            376     1.9%
   ORWE            375     1.9%
   EKHO            324     1.6%
   CLHO            320     1.6%
────────────────────────────────────────────────────────────
 End reason: duration-elapsed
 RESULT: PASS   (exit 0)
════════════════════════════════════════════════════════════
 Report written to /Users/fadi/Work/Tckr/benchmarks/phase-2/raw/s1_baseline/run3/probe.json
