Tckr.FeedProbe connecting to 127.0.0.1:9001 (duration 20s, target 1,000/s)
 [   5.0s] events        5,010   interval     1,001/s   overall     1,001/s   gaps   0   framing-errors   0
 [  10.0s] events       10,015   interval     1,000/s   overall     1,001/s   gaps   0   framing-errors   0
 [  15.0s] events       15,020   interval     1,000/s   overall     1,000/s   gaps   0   framing-errors   0

════════════════════════════════════════════════════════════
 Tckr.FeedProbe — session b192…6412 — 20.0s
────────────────────────────────────────────────────────────
 Events received            20,010
 Achieved rate            1,000 /s   (target 1,000 — 100.0%)
 Rate min/max             1,000 /s       1,001 /s   (per report interval)
 Sequence gaps          0   (0 record(s) lost)
 Sequence integrity     0   (reorder/duplicate — always a bug, never a policy)
 Framing errors         0
 Wire throughput        0.04 MB/s   (44.0 bytes/event)
 Inter-arrival        p50 0.00ms  p95 5.01ms  p99 5.02ms  max 6.30ms
 Delivery latency     p50 0.86ms  p95 0.89ms  p99 0.93ms  max 2.48ms  (same-host clock — see notes)
 Message mix          trade 39.3%  bid 30.0%  ask 30.7%
 Symbol skew          top-1 14.1%  top-10 59.0%  top-50 98.7%  (175 symbols seen)
 Heartbeats             0   max interval 0ms   (configured 1000ms; 0 exceeded 2x)
 Auction prints         0   (observation only — Flags=0 on the default Continuous session mode; see notes)
 Order violations       0   (--verify-order)
────────────────────────────────────────────────────────────
 Top 20 symbols
   COMI          2,829    14.1%
   CIB           1,806     9.0%
   ORAS          1,357     6.8%
   SWDY          1,253     6.3%
   HRHO            928     4.6%
   TMGH            855     4.3%
   ETEL            810     4.0%
   EAST            715     3.6%
   ABUK            638     3.2%
   FWRY            624     3.1%
   SKPC            579     2.9%
   ESRS            525     2.6%
   AMOC            490     2.4%
   MNHD            414     2.1%
   EFIH            413     2.1%
   PHDC            404     2.0%
   ORWE            375     1.9%
   JUFO            374     1.9%
   EKHO            324     1.6%
   ISPH            318     1.6%
────────────────────────────────────────────────────────────
 End reason: duration-elapsed
 RESULT: PASS   (exit 0)
════════════════════════════════════════════════════════════
 Report written to /Users/fadi/Work/Tckr/benchmarks/phase-2/raw/s1_baseline/run2/probe.json
