Tckr.FeedProbe connecting to 127.0.0.1:9001 (duration 20s, target 50,000/s)
 [   5.0s] events      250,250   interval    50,050/s   overall    50,050/s   gaps   0   framing-errors   0
 [  10.0s] events      500,250   interval    50,000/s   overall    50,025/s   gaps   0   framing-errors   0
 [  15.0s] events      750,250   interval    50,000/s   overall    50,017/s   gaps   0   framing-errors   0
 [  20.0s] events    1,000,500   interval    50,000/s   overall    50,012/s   gaps   0   framing-errors   0

════════════════════════════════════════════════════════════
 Tckr.FeedProbe — session f511…bff7 — 20.0s
────────────────────────────────────────────────────────────
 Events received         1,000,500
 Achieved rate           50,012 /s   (target 50,000 — 100.0%)
 Rate min/max            50,000 /s      50,050 /s   (per report interval)
 Sequence gaps          0   (0 record(s) lost)
 Sequence integrity     0   (reorder/duplicate — always a bug, never a policy)
 Framing errors         0
 Wire throughput        2.10 MB/s   (44.0 bytes/event)
 Inter-arrival        p50 0.00ms  p95 0.00ms  p99 0.00ms  max 5.16ms
 Delivery latency     p50 0.88ms  p95 0.91ms  p99 0.93ms  max 2.28ms  (same-host clock — see notes)
 Message mix          trade 40.0%  bid 30.0%  ask 30.0%
 Symbol skew          top-1 14.5%  top-10 59.1%  top-50 98.7%  (250 symbols seen)
 Heartbeats             0   max interval 0ms   (configured 1000ms; 0 exceeded 2x)
 Auction prints         0   (observation only — Flags=0 on the default Continuous session mode; see notes)
────────────────────────────────────────────────────────────
 Top 20 symbols
   COMI        144,695    14.5%
   CIB          89,346     8.9%
   ORAS         67,611     6.8%
   SWDY         57,452     5.7%
   HRHO         49,322     4.9%
   TMGH         43,207     4.3%
   ETEL         39,121     3.9%
   EAST         36,150     3.6%
   ABUK         33,104     3.3%
   FWRY         31,186     3.1%
   SKPC         27,173     2.7%
   ESRS         25,288     2.5%
   AMOC         23,790     2.4%
   MNHD         22,403     2.2%
   PHDC         20,828     2.1%
   EFIH         19,979     2.0%
   ORWE         19,017     1.9%
   JUFO         17,985     1.8%
   ISPH         17,200     1.7%
   CLHO         16,200     1.6%
────────────────────────────────────────────────────────────
 End reason: duration-elapsed
 RESULT: PASS   (exit 0)
════════════════════════════════════════════════════════════
 Report written to /Users/fadi/Work/Tckr/benchmarks/phase-2/raw/s4_headroom_50000/run3/probe.json
