info: Tckr.MockExchange.Feed.FeedServer[0]
      Feed server listening on 127.0.0.1:9001 for up to 8 sessions.
info: Tckr.MockExchange.FeedPublisherService[0]
      Mock exchange starting: seed=20260907 symbols=250 target=25000/s mode=Continuous listen=127.0.0.1:9001 build=RELEASE.
info: Microsoft.Hosting.Lifetime[0]
      Application started. Press Ctrl+C to shut down.
info: Microsoft.Hosting.Lifetime[0]
      Hosting environment: Production
info: Microsoft.Hosting.Lifetime[0]
      Content root path: /Users/fadi/Work/Tckr/src/Tckr.MockExchange
info: Tckr.MockExchange.Diagnostics.ThroughputReporter[0]
      Feed status phase=ContinuousMorning target=25000/s achieved=22700/s (90.8%) sessions=0 no consumers connected lag_p99=1.3ms dropped=0 slow_disconnects=0 uptime=00:00:05
info: Tckr.MockExchange.Feed.FeedServer[0]
      Feed session 458b4c4d-ba20-4553-b415-2f1c0dc05dd0 accepted from 127.0.0.1:52867.
info: Tckr.MockExchange.Feed.FeedServer[0]
      Feed session 85f5e06b-9190-4035-959f-27a81895c3aa accepted from 127.0.0.1:52868.
info: Tckr.MockExchange.Diagnostics.ThroughputReporter[0]
      Feed status phase=ContinuousMorning target=25000/s achieved=25000/s (100.0%) sessions=2 lag_p99=0.0ms dropped=0 slow_disconnects=0 uptime=00:00:10
warn: Tckr.MockExchange.Feed.FeedServer[0]
      Feed session 85f5e06b-9190-4035-959f-27a81895c3aa at 127.0.0.1:52868 is behind: its 4194304-byte outbound buffer is full. Applying Disconnect if it has not drained within 2000 ms.
warn: Tckr.MockExchange.Diagnostics.ThroughputReporter[0]
      Feed status phase=ContinuousMorning target=25000/s achieved=25000/s (100.0%) sessions=2 lag_p99=0.0ms dropped=9750 slow_disconnects=0 uptime=00:00:15
warn: Tckr.MockExchange.Feed.FeedServer[0]
      Feed session 85f5e06b-9190-4035-959f-27a81895c3aa drained but 14000 records were withheld; disconnecting because Disconnect promises a complete tape.
warn: Tckr.MockExchange.Feed.FeedServer[0]
      Feed session 85f5e06b-9190-4035-959f-27a81895c3aa at 127.0.0.1:52868 disconnected: slow-consumer-loss. It fell more than 4194304 bytes behind and did not recover within 2000 ms.
info: Tckr.MockExchange.Feed.FeedServer[0]
      Feed session 85f5e06b-9190-4035-959f-27a81895c3aa closed: slow-consumer-loss. Sent 10406036 bytes, dropped 14000 records.
warn: Tckr.MockExchange.Diagnostics.ThroughputReporter[0]
      Feed status phase=ContinuousMorning target=25000/s achieved=25000/s (100.0%) sessions=1 lag_p99=0.0ms dropped=14000 slow_disconnects=1 uptime=00:00:20
info: Tckr.MockExchange.Diagnostics.ThroughputReporter[0]
      Feed status phase=ContinuousMorning target=25000/s achieved=25000/s (100.0%) sessions=1 lag_p99=0.0ms dropped=14000 slow_disconnects=1 uptime=00:00:25
info: Tckr.MockExchange.Feed.FeedServer[0]
      Feed session 458b4c4d-ba20-4553-b415-2f1c0dc05dd0 at 127.0.0.1:52867 ended: client-closed.
info: Tckr.MockExchange.Feed.FeedServer[0]
      Feed session 458b4c4d-ba20-4553-b415-2f1c0dc05dd0 closed: client-closed. Sent 22077036 bytes, dropped 0 records.
info: Microsoft.Hosting.Lifetime[0]
      Application is shutting down...
info: Tckr.MockExchange.Feed.FeedServer[0]
      Feed server stopping; draining 0 sessions within 2000 ms.
info: Tckr.MockExchange.Feed.FeedServer[0]
      Feed server stopped.
info: Tckr.MockExchange.Diagnostics.ThroughputReporter[0]
      Feed status phase=ContinuousMorning target=25000/s achieved=25000/s (100.0%) sessions=0 no consumers connected lag_p99=0.0ms dropped=14000 slow_disconnects=1 uptime=00:00:26
