Tckr.FeedProbe connecting to 127.0.0.1:9001 (duration 20s, target 100,000/s)
 [   5.0s] events      501,000   interval   100,133/s   overall   100,133/s   gaps   0   framing-errors   0
 [  10.0s] events    1,001,000   interval   100,000/s   overall   100,066/s   gaps   0   framing-errors   0
 [  15.0s] events    1,501,000   interval   100,000/s   overall   100,044/s   gaps   0   framing-errors   0
 [  20.0s] events    2,001,000   interval    99,999/s   overall   100,033/s   gaps   0   framing-errors   0

════════════════════════════════════════════════════════════
 Tckr.FeedProbe — session 801a…a88b — 20.0s
────────────────────────────────────────────────────────────
 Events received         2,001,000
 Achieved rate          100,032 /s   (target 100,000 — 100.0%)
 Rate min/max            99,999 /s     100,133 /s   (per report interval)
 Sequence gaps          0   (0 record(s) lost)
 Sequence integrity     0   (reorder/duplicate — always a bug, never a policy)
 Framing errors         0
 Wire throughput        4.20 MB/s   (44.0 bytes/event)
 Inter-arrival        p50 0.00ms  p95 0.00ms  p99 0.00ms  max 6.34ms
 Delivery latency     p50 0.90ms  p95 0.93ms  p99 0.96ms  max 2.81ms  (same-host clock — see notes)
 Message mix          trade 40.1%  bid 30.0%  ask 30.0%
 Symbol skew          top-1 14.5%  top-10 59.2%  top-50 98.7%  (250 symbols seen)
 Heartbeats             0   max interval 0ms   (configured 1000ms; 0 exceeded 2x)
 Auction prints         0   (observation only — Flags=0 on the default Continuous session mode; see notes)
────────────────────────────────────────────────────────────
 Top 20 symbols
   COMI        289,384    14.5%
   CIB         178,746     8.9%
   ORAS        135,609     6.8%
   SWDY        115,694     5.8%
   HRHO         97,913     4.9%
   TMGH         86,660     4.3%
   ETEL         78,335     3.9%
   EAST         72,409     3.6%
   ABUK         66,677     3.3%
   FWRY         62,454     3.1%
   SKPC         54,439     2.7%
   ESRS         50,521     2.5%
   AMOC         47,290     2.4%
   MNHD         44,644     2.2%
   PHDC         41,981     2.1%
   EFIH         39,843     2.0%
   ORWE         37,703     1.9%
   JUFO         35,959     1.8%
   ISPH         34,039     1.7%
   CLHO         32,312     1.6%
────────────────────────────────────────────────────────────
 End reason: duration-elapsed
 RESULT: PASS   (exit 0)
════════════════════════════════════════════════════════════
 Report written to /Users/fadi/Work/Tckr/benchmarks/phase-2/raw/s4_headroom_100000/run2/probe.json
