info: Tckr.MockExchange.Feed.FeedServer[0]
      Feed server listening on 127.0.0.1:9001 for up to 8 sessions.
info: Tckr.MockExchange.FeedPublisherService[0]
      Mock exchange starting: seed=20260907 symbols=250 target=25000/s mode=Continuous listen=127.0.0.1:9001 build=RELEASE.
info: Microsoft.Hosting.Lifetime[0]
      Application started. Press Ctrl+C to shut down.
info: Microsoft.Hosting.Lifetime[0]
      Hosting environment: Production
info: Microsoft.Hosting.Lifetime[0]
      Content root path: /Users/fadi/Work/Tckr/src/Tckr.MockExchange
info: Tckr.MockExchange.Diagnostics.ThroughputReporter[0]
      Feed status phase=ContinuousMorning target=25000/s achieved=23650/s (94.6%) sessions=0 no consumers connected lag_p99=0.0ms dropped=0 slow_disconnects=0 uptime=00:00:05
info: Tckr.MockExchange.Feed.FeedServer[0]
      Feed session 289dc1ff-9a11-4c2f-ad35-3a0af78f1215 accepted from 127.0.0.1:50182.
info: Tckr.MockExchange.Feed.FeedServer[0]
      Feed session 9d28b74c-2343-41e6-bf2a-bf45dd27647e accepted from 127.0.0.1:50183.
info: Tckr.MockExchange.Feed.FeedServer[0]
      Feed session 03ca5ed1-f02d-4534-86de-a82ef0e131b3 accepted from 127.0.0.1:50184.
info: Tckr.MockExchange.Feed.FeedServer[0]
      Feed session b82681e4-035f-41be-a01d-cbfb1c9c6d53 accepted from 127.0.0.1:50185.
info: Tckr.MockExchange.Diagnostics.ThroughputReporter[0]
      Feed status phase=ContinuousMorning target=25000/s achieved=25000/s (100.0%) sessions=4 lag_p99=0.0ms dropped=0 slow_disconnects=0 uptime=00:00:10
info: Tckr.MockExchange.Diagnostics.ThroughputReporter[0]
      Feed status phase=ContinuousMorning target=25000/s achieved=25000/s (100.0%) sessions=4 lag_p99=0.0ms dropped=0 slow_disconnects=0 uptime=00:00:15
info: Tckr.MockExchange.Diagnostics.ThroughputReporter[0]
      Feed status phase=ContinuousMorning target=25000/s achieved=25000/s (100.0%) sessions=4 lag_p99=0.0ms dropped=0 slow_disconnects=0 uptime=00:00:20
info: Tckr.MockExchange.Diagnostics.ThroughputReporter[0]
      Feed status phase=ContinuousMorning target=25000/s achieved=25000/s (100.0%) sessions=4 lag_p99=0.0ms dropped=0 slow_disconnects=0 uptime=00:00:25
info: Tckr.MockExchange.Feed.FeedServer[0]
      Feed session 289dc1ff-9a11-4c2f-ad35-3a0af78f1215 at 127.0.0.1:50182 ended: client-closed.
info: Tckr.MockExchange.Feed.FeedServer[0]
      Feed session b82681e4-035f-41be-a01d-cbfb1c9c6d53 at 127.0.0.1:50185 ended: client-closed.
info: Tckr.MockExchange.Feed.FeedServer[0]
      Feed session 03ca5ed1-f02d-4534-86de-a82ef0e131b3 at 127.0.0.1:50184 ended: client-closed.
info: Tckr.MockExchange.Feed.FeedServer[0]
      Feed session 9d28b74c-2343-41e6-bf2a-bf45dd27647e at 127.0.0.1:50183 ended: client-closed.
info: Tckr.MockExchange.Feed.FeedServer[0]
      Feed session b82681e4-035f-41be-a01d-cbfb1c9c6d53 closed: client-closed. Sent 22077036 bytes, dropped 0 records.
info: Tckr.MockExchange.Feed.FeedServer[0]
      Feed session 03ca5ed1-f02d-4534-86de-a82ef0e131b3 closed: client-closed. Sent 22077036 bytes, dropped 0 records.
info: Tckr.MockExchange.Feed.FeedServer[0]
      Feed session 289dc1ff-9a11-4c2f-ad35-3a0af78f1215 closed: client-closed. Sent 22077036 bytes, dropped 0 records.
info: Tckr.MockExchange.Feed.FeedServer[0]
      Feed session 9d28b74c-2343-41e6-bf2a-bf45dd27647e closed: client-closed. Sent 22077036 bytes, dropped 0 records.
info: Microsoft.Hosting.Lifetime[0]
      Application is shutting down...
info: Tckr.MockExchange.Feed.FeedServer[0]
      Feed server stopping; draining 0 sessions within 2000 ms.
info: Tckr.MockExchange.Feed.FeedServer[0]
      Feed server stopped.
info: Tckr.MockExchange.Diagnostics.ThroughputReporter[0]
      Feed status phase=ContinuousMorning target=25000/s achieved=25000/s (100.0%) sessions=0 no consumers connected lag_p99=0.0ms dropped=0 slow_disconnects=0 uptime=00:00:26
