Tckr.FeedProbe connecting to 127.0.0.1:9001 (duration 20s, target 100,000/s)
 [   5.0s] events      501,000   interval   100,107/s   overall   100,107/s   gaps   0   framing-errors   0
 [  10.0s] events    1,001,000   interval   100,000/s   overall   100,053/s   gaps   0   framing-errors   0
 [  15.0s] events    1,501,000   interval   100,000/s   overall   100,035/s   gaps   0   framing-errors   0
 [  20.0s] events    2,001,000   interval    99,999/s   overall   100,026/s   gaps   0   framing-errors   0

════════════════════════════════════════════════════════════
 Tckr.FeedProbe — session 9852…c56e — 20.0s
────────────────────────────────────────────────────────────
 Events received         2,001,000
 Achieved rate          100,025 /s   (target 100,000 — 100.0%)
 Rate min/max            99,999 /s     100,107 /s   (per report interval)
 Sequence gaps          0   (0 record(s) lost)
 Sequence integrity     0   (reorder/duplicate — always a bug, never a policy)
 Framing errors         0
 Wire throughput        4.20 MB/s   (44.0 bytes/event)
 Inter-arrival        p50 0.00ms  p95 0.00ms  p99 0.00ms  max 5.17ms
 Delivery latency     p50 0.20ms  p95 0.22ms  p99 0.24ms  max 1.35ms  (same-host clock — see notes)
 Message mix          trade 40.1%  bid 30.0%  ask 30.0%
 Symbol skew          top-1 14.5%  top-10 59.2%  top-50 98.7%  (250 symbols seen)
 Heartbeats             0   max interval 0ms   (configured 1000ms; 0 exceeded 2x)
 Auction prints         0   (observation only — Flags=0 on the default Continuous session mode; see notes)
────────────────────────────────────────────────────────────
 Top 20 symbols
   COMI        289,355    14.5%
   CIB         178,819     8.9%
   ORAS        135,590     6.8%
   SWDY        115,669     5.8%
   HRHO         97,982     4.9%
   TMGH         86,719     4.3%
   ETEL         78,317     3.9%
   EAST         72,399     3.6%
   ABUK         66,646     3.3%
   FWRY         62,431     3.1%
   SKPC         54,461     2.7%
   ESRS         50,497     2.5%
   AMOC         47,277     2.4%
   MNHD         44,631     2.2%
   PHDC         41,977     2.1%
   EFIH         39,822     2.0%
   ORWE         37,692     1.9%
   JUFO         35,964     1.8%
   ISPH         34,049     1.7%
   CLHO         32,301     1.6%
────────────────────────────────────────────────────────────
 End reason: duration-elapsed
 RESULT: PASS   (exit 0)
════════════════════════════════════════════════════════════
 Report written to /Users/fadi/Work/Tckr/benchmarks/phase-2/raw/s4_headroom_100000/run3/probe.json
