Tckr.FeedProbe connecting to 127.0.0.1:9001 (duration 20s, target 25,000/s)
 [   5.0s] events      125,250   interval    25,042/s   overall    25,042/s   gaps   0   framing-errors   0
 [  10.0s] events      250,375   interval    25,000/s   overall    25,021/s   gaps   0   framing-errors   0
 [  15.0s] events      375,250   interval    24,962/s   overall    25,001/s   gaps   0   framing-errors   0

════════════════════════════════════════════════════════════
 Tckr.FeedProbe — session cd51…daa8 — 20.0s
────────────────────────────────────────────────────────────
 Events received           500,125
 Achieved rate           25,001 /s   (target 25,000 — 100.0%)
 Rate min/max            24,962 /s      25,042 /s   (per report interval)
 Sequence gaps          0   (0 record(s) lost)
 Sequence integrity     0   (reorder/duplicate — always a bug, never a policy)
 Framing errors         0
 Wire throughput        1.05 MB/s   (44.0 bytes/event)
 Inter-arrival        p50 0.00ms  p95 0.00ms  p99 0.00ms  max 42.62ms
 Delivery latency     p50 1.48ms  p95 1.73ms  p99 1.85ms  max 34.11ms  (same-host clock — see notes)
 Message mix          trade 40.0%  bid 30.0%  ask 30.0%
 Symbol skew          top-1 14.5%  top-10 59.1%  top-50 98.7%  (250 symbols seen)
 Heartbeats             0   max interval 0ms   (configured 1000ms; 0 exceeded 2x)
 Auction prints         0   (observation only — Flags=0 on the default Continuous session mode; see notes)
────────────────────────────────────────────────────────────
 Top 20 symbols
   COMI         72,376    14.5%
   CIB          44,662     8.9%
   ORAS         33,885     6.8%
   SWDY         28,810     5.8%
   HRHO         24,619     4.9%
   TMGH         21,589     4.3%
   ETEL         19,550     3.9%
   EAST         18,266     3.7%
   ABUK         16,493     3.3%
   FWRY         15,522     3.1%
   SKPC         13,572     2.7%
   ESRS         12,563     2.5%
   AMOC         11,990     2.4%
   MNHD         11,134     2.2%
   PHDC         10,355     2.1%
   EFIH          9,867     2.0%
   ORWE          9,377     1.9%
   JUFO          8,889     1.8%
   ISPH          8,624     1.7%
   CLHO          7,990     1.6%
────────────────────────────────────────────────────────────
 End reason: duration-elapsed
 RESULT: PASS   (exit 0)
════════════════════════════════════════════════════════════
 Report written to /Users/fadi/Work/Tckr/benchmarks/phase-2/raw/s7_slowconsumer_Disconnect/run1/probe.json
