Tckr.FeedProbe connecting to 127.0.0.1:9001 (duration 20s, target 25,000/s)
 [   5.0s] events      125,250   interval    25,043/s   overall    25,043/s   gaps   0   framing-errors   0
 [probe] --stall-after reached: pausing reads for 5s to exercise the slow-consumer policy.
 [probe] resuming reads.
 [  10.0s] events      126,739   interval       298/s   overall    25,334/s   gaps   0   framing-errors   0

════════════════════════════════════════════════════════════
 Tckr.FeedProbe — session 7fc6…8776 — 5.0s
────────────────────────────────────────────────────────────
 Events received           236,500
 Achieved rate           47,174 /s   (target 25,000 — 188.7%)
 Rate min/max               298 /s      25,043 /s   (per report interval)
 Sequence gaps          0   (0 record(s) lost)
 Sequence integrity     0   (reorder/duplicate — always a bug, never a policy)
 Framing errors         0
 Wire throughput        1.98 MB/s   (44.0 bytes/event)
 Inter-arrival        p50 0.00ms  p95 0.00ms  p99 0.00ms  max 5001.71ms
 Delivery latency     p50 1.34ms  p95 4529.68ms  p99 4908.51ms  max 4998.27ms  (same-host clock — see notes)
 Message mix          trade 40.1%  bid 30.0%  ask 29.9%
 Symbol skew          top-1 14.6%  top-10 59.3%  top-50 98.7%  (249 symbols seen)
 Heartbeats             0   max interval 0ms   (configured 1000ms; 0 exceeded 2x)
 Auction prints         0   (observation only — Flags=0 on the default Continuous session mode; see notes)
 Stall test           --stall-after 5s, paused 5s, outcome: eof
────────────────────────────────────────────────────────────
 Top 20 symbols
   COMI         34,457    14.6%
   CIB          21,188     9.0%
   ORAS         16,100     6.8%
   SWDY         13,567     5.7%
   HRHO         11,728     5.0%
   TMGH         10,283     4.3%
   ETEL          9,254     3.9%
   EAST          8,595     3.6%
   ABUK          7,698     3.3%
   FWRY          7,290     3.1%
   SKPC          6,420     2.7%
   ESRS          6,002     2.5%
   AMOC          5,610     2.4%
   MNHD          5,060     2.1%
   PHDC          4,927     2.1%
   EFIH          4,637     2.0%
   ORWE          4,352     1.8%
   JUFO          4,184     1.8%
   ISPH          4,082     1.7%
   CLHO          3,742     1.6%
────────────────────────────────────────────────────────────
 End reason: eof
 RESULT: FAIL   (exit 2)
════════════════════════════════════════════════════════════
 Report written to /Users/fadi/Work/Tckr/benchmarks/phase-2/raw/s7_slowconsumer_Disconnect/run1/probe2.json
