info: Tckr.MockExchange.Feed.FeedServer[0]
      Feed server listening on 127.0.0.1:9001 for up to 8 sessions.
info: Tckr.MockExchange.FeedPublisherService[0]
      Mock exchange starting: seed=20260907 symbols=250 target=25000/s mode=Continuous listen=127.0.0.1:9001 build=RELEASE.
info: Microsoft.Hosting.Lifetime[0]
      Application started. Press Ctrl+C to shut down.
info: Microsoft.Hosting.Lifetime[0]
      Hosting environment: Production
info: Microsoft.Hosting.Lifetime[0]
      Content root path: /Users/fadi/Work/Tckr/src/Tckr.MockExchange
info: Tckr.MockExchange.Diagnostics.ThroughputReporter[0]
      Feed status phase=ContinuousMorning target=25000/s achieved=23075/s (92.3%) sessions=0 no consumers connected lag_p99=0.0ms dropped=0 slow_disconnects=0 uptime=00:00:05
info: Tckr.MockExchange.Feed.FeedServer[0]
      Feed session 4e214ae8-95d1-403e-88f3-d85c5d8a3b94 accepted from 127.0.0.1:50178.
info: Tckr.MockExchange.Feed.FeedServer[0]
      Feed session 2ef8f143-6ca1-4965-b18c-c3c6fff708a4 accepted from 127.0.0.1:50180.
info: Tckr.MockExchange.Feed.FeedServer[0]
      Feed session bb290b7c-924c-4d41-ba82-f0dc04187483 accepted from 127.0.0.1:50179.
info: Tckr.MockExchange.Feed.FeedServer[0]
      Feed session 97745af6-b5b3-4167-ac4a-6d53edec2273 accepted from 127.0.0.1:50181.
info: Tckr.MockExchange.Diagnostics.ThroughputReporter[0]
      Feed status phase=ContinuousMorning target=25000/s achieved=25000/s (100.0%) sessions=4 lag_p99=0.0ms dropped=0 slow_disconnects=0 uptime=00:00:10
info: Tckr.MockExchange.Diagnostics.ThroughputReporter[0]
      Feed status phase=ContinuousMorning target=25000/s achieved=25000/s (100.0%) sessions=4 lag_p99=0.0ms dropped=0 slow_disconnects=0 uptime=00:00:15
info: Tckr.MockExchange.Diagnostics.ThroughputReporter[0]
      Feed status phase=ContinuousMorning target=25000/s achieved=25000/s (100.0%) sessions=4 lag_p99=0.0ms dropped=0 slow_disconnects=0 uptime=00:00:20
info: Tckr.MockExchange.Diagnostics.ThroughputReporter[0]
      Feed status phase=ContinuousMorning target=25000/s achieved=25000/s (100.0%) sessions=4 lag_p99=0.0ms dropped=0 slow_disconnects=0 uptime=00:00:25
info: Tckr.MockExchange.Feed.FeedServer[0]
      Feed session 2ef8f143-6ca1-4965-b18c-c3c6fff708a4 at 127.0.0.1:50180 ended: client-closed.
info: Tckr.MockExchange.Feed.FeedServer[0]
      Feed session 4e214ae8-95d1-403e-88f3-d85c5d8a3b94 at 127.0.0.1:50178 ended: client-closed.
info: Tckr.MockExchange.Feed.FeedServer[0]
      Feed session 97745af6-b5b3-4167-ac4a-6d53edec2273 at 127.0.0.1:50181 ended: client-closed.
info: Tckr.MockExchange.Feed.FeedServer[0]
      Feed session bb290b7c-924c-4d41-ba82-f0dc04187483 at 127.0.0.1:50179 ended: client-closed.
info: Tckr.MockExchange.Feed.FeedServer[0]
      Feed session 2ef8f143-6ca1-4965-b18c-c3c6fff708a4 closed: client-closed. Sent 22077036 bytes, dropped 0 records.
info: Tckr.MockExchange.Feed.FeedServer[0]
      Feed session 97745af6-b5b3-4167-ac4a-6d53edec2273 closed: client-closed. Sent 22077036 bytes, dropped 0 records.
info: Tckr.MockExchange.Feed.FeedServer[0]
      Feed session 4e214ae8-95d1-403e-88f3-d85c5d8a3b94 closed: client-closed. Sent 22077036 bytes, dropped 0 records.
info: Tckr.MockExchange.Feed.FeedServer[0]
      Feed session bb290b7c-924c-4d41-ba82-f0dc04187483 closed: client-closed. Sent 22077036 bytes, dropped 0 records.
info: Microsoft.Hosting.Lifetime[0]
      Application is shutting down...
info: Tckr.MockExchange.Feed.FeedServer[0]
      Feed server stopping; draining 0 sessions within 2000 ms.
info: Tckr.MockExchange.Feed.FeedServer[0]
      Feed server stopped.
info: Tckr.MockExchange.Diagnostics.ThroughputReporter[0]
      Feed status phase=ContinuousMorning target=25000/s achieved=25000/s (100.0%) sessions=0 no consumers connected lag_p99=0.0ms dropped=0 slow_disconnects=0 uptime=00:00:26
