info: Tckr.MockExchange.Feed.FeedServer[0]
      Feed server listening on 127.0.0.1:9001 for up to 8 sessions.
info: Tckr.MockExchange.FeedPublisherService[0]
      Mock exchange starting: seed=20260907 symbols=250 target=25000/s mode=Continuous listen=127.0.0.1:9001 build=RELEASE.
info: Microsoft.Hosting.Lifetime[0]
      Application started. Press Ctrl+C to shut down.
info: Microsoft.Hosting.Lifetime[0]
      Hosting environment: Production
info: Microsoft.Hosting.Lifetime[0]
      Content root path: /Users/fadi/Work/Tckr/src/Tckr.MockExchange
info: Tckr.MockExchange.Diagnostics.ThroughputReporter[0]
      Feed status phase=ContinuousMorning target=25000/s achieved=22500/s (90.0%) sessions=0 no consumers connected lag_p99=0.0ms dropped=0 slow_disconnects=0 uptime=00:00:05
info: Tckr.MockExchange.Feed.FeedServer[0]
      Feed session b744fc72-4b41-4c8a-9d6b-29da492c1249 accepted from 127.0.0.1:50174.
info: Tckr.MockExchange.Feed.FeedServer[0]
      Feed session 26d7c642-9b4d-4c39-b61f-5ad3555fd02c accepted from 127.0.0.1:50175.
info: Tckr.MockExchange.Feed.FeedServer[0]
      Feed session 7e073836-e0ed-4d73-ae68-0a100327d47b accepted from 127.0.0.1:50176.
info: Tckr.MockExchange.Feed.FeedServer[0]
      Feed session 1242f431-3020-4b2b-ad45-177cb3e57c4a accepted from 127.0.0.1:50177.
info: Tckr.MockExchange.Diagnostics.ThroughputReporter[0]
      Feed status phase=ContinuousMorning target=25000/s achieved=25000/s (100.0%) sessions=4 lag_p99=0.0ms dropped=0 slow_disconnects=0 uptime=00:00:10
info: Tckr.MockExchange.Diagnostics.ThroughputReporter[0]
      Feed status phase=ContinuousMorning target=25000/s achieved=25000/s (100.0%) sessions=4 lag_p99=0.0ms dropped=0 slow_disconnects=0 uptime=00:00:15
info: Tckr.MockExchange.Diagnostics.ThroughputReporter[0]
      Feed status phase=ContinuousMorning target=25000/s achieved=25000/s (100.0%) sessions=4 lag_p99=0.0ms dropped=0 slow_disconnects=0 uptime=00:00:20
info: Tckr.MockExchange.Diagnostics.ThroughputReporter[0]
      Feed status phase=ContinuousMorning target=25000/s achieved=25000/s (100.0%) sessions=4 lag_p99=0.0ms dropped=0 slow_disconnects=0 uptime=00:00:25
info: Tckr.MockExchange.Feed.FeedServer[0]
      Feed session 1242f431-3020-4b2b-ad45-177cb3e57c4a at 127.0.0.1:50177 ended: client-closed.
info: Tckr.MockExchange.Feed.FeedServer[0]
      Feed session b744fc72-4b41-4c8a-9d6b-29da492c1249 at 127.0.0.1:50174 ended: client-closed.
info: Tckr.MockExchange.Feed.FeedServer[0]
      Feed session 7e073836-e0ed-4d73-ae68-0a100327d47b at 127.0.0.1:50176 ended: client-closed.
info: Tckr.MockExchange.Feed.FeedServer[0]
      Feed session 26d7c642-9b4d-4c39-b61f-5ad3555fd02c at 127.0.0.1:50175 ended: client-closed.
info: Tckr.MockExchange.Feed.FeedServer[0]
      Feed session 26d7c642-9b4d-4c39-b61f-5ad3555fd02c closed: client-closed. Sent 22077036 bytes, dropped 0 records.
info: Tckr.MockExchange.Feed.FeedServer[0]
      Feed session b744fc72-4b41-4c8a-9d6b-29da492c1249 closed: client-closed. Sent 22077036 bytes, dropped 0 records.
info: Tckr.MockExchange.Feed.FeedServer[0]
      Feed session 1242f431-3020-4b2b-ad45-177cb3e57c4a closed: client-closed. Sent 22077036 bytes, dropped 0 records.
info: Tckr.MockExchange.Feed.FeedServer[0]
      Feed session 7e073836-e0ed-4d73-ae68-0a100327d47b closed: client-closed. Sent 22077036 bytes, dropped 0 records.
info: Microsoft.Hosting.Lifetime[0]
      Application is shutting down...
info: Tckr.MockExchange.Feed.FeedServer[0]
      Feed server stopping; draining 0 sessions within 2000 ms.
info: Tckr.MockExchange.Feed.FeedServer[0]
      Feed server stopped.
info: Tckr.MockExchange.Diagnostics.ThroughputReporter[0]
      Feed status phase=ContinuousMorning target=25000/s achieved=25000/s (100.0%) sessions=0 no consumers connected lag_p99=0.0ms dropped=0 slow_disconnects=0 uptime=00:00:26
