Tckr.FeedProbe connecting to 127.0.0.1:9001 (duration 20s, target 25,000/s)
 [   5.0s] events      125,250   interval    25,037/s   overall    25,037/s   gaps   0   framing-errors   0
 [  10.0s] events      250,250   interval    24,999/s   overall    25,018/s   gaps   0   framing-errors   0
 [  15.0s] events      375,375   interval    25,000/s   overall    25,012/s   gaps   0   framing-errors   0

════════════════════════════════════════════════════════════
 Tckr.FeedProbe — session a2e2…fe69 — 20.0s
────────────────────────────────────────────────────────────
 Events received           500,250
 Achieved rate           25,009 /s   (target 25,000 — 100.0%)
 Rate min/max            24,999 /s      25,037 /s   (per report interval)
 Sequence gaps          0   (0 record(s) lost)
 Sequence integrity     0   (reorder/duplicate — always a bug, never a policy)
 Framing errors         0
 Wire throughput        1.05 MB/s   (44.0 bytes/event)
 Inter-arrival        p50 0.00ms  p95 0.00ms  p99 0.00ms  max 9.98ms
 Delivery latency     p50 0.37ms  p95 0.49ms  p99 0.52ms  max 2.89ms  (same-host clock — see notes)
 Message mix          trade 40.0%  bid 30.0%  ask 30.0%
 Symbol skew          top-1 14.4%  top-10 58.8%  top-50 98.1%  (969 symbols seen)
 Heartbeats             0   max interval 0ms   (configured 1000ms; 0 exceeded 2x)
 Auction prints         0   (observation only — Flags=0 on the default Continuous session mode; see notes)
────────────────────────────────────────────────────────────
 Top 20 symbols
   COMI         72,131    14.4%
   CIB          44,637     8.9%
   ORAS         33,753     6.7%
   SWDY         28,563     5.7%
   HRHO         24,341     4.9%
   TMGH         21,441     4.3%
   ETEL         19,464     3.9%
   EAST         17,928     3.6%
   ABUK         16,539     3.3%
   FWRY         15,375     3.1%
   SKPC         13,817     2.8%
   ESRS         12,328     2.5%
   AMOC         11,780     2.4%
   MNHD         11,095     2.2%
   PHDC         10,306     2.1%
   EFIH          9,907     2.0%
   ORWE          9,248     1.8%
   JUFO          8,928     1.8%
   ISPH          8,427     1.7%
   CLHO          7,912     1.6%
────────────────────────────────────────────────────────────
 End reason: duration-elapsed
 RESULT: PASS   (exit 0)
════════════════════════════════════════════════════════════
 Report written to /Users/fadi/Work/Tckr/benchmarks/phase-2/raw/s6_universe_1000/run1/probe.json
