Tckr.FeedProbe connecting to 127.0.0.1:9001 (duration 20s, target 25,000/s)
 [   5.0s] events      125,250   interval    25,027/s   overall    25,027/s   gaps   0   framing-errors   0
 [  10.0s] events      250,375   interval    24,998/s   overall    25,013/s   gaps   0   framing-errors   0
 [  15.0s] events      375,500   interval    25,002/s   overall    25,009/s   gaps   0   framing-errors   0

════════════════════════════════════════════════════════════
 Tckr.FeedProbe — session d8c3…b904 — 20.0s
────────────────────────────────────────────────────────────
 Events received           500,250
 Achieved rate           25,006 /s   (target 25,000 — 100.0%)
 Rate min/max            24,998 /s      25,027 /s   (per report interval)
 Sequence gaps          0   (0 record(s) lost)
 Sequence integrity     0   (reorder/duplicate — always a bug, never a policy)
 Framing errors         0
 Wire throughput        1.05 MB/s   (44.0 bytes/event)
 Inter-arrival        p50 0.00ms  p95 0.00ms  p99 0.00ms  max 8.88ms
 Delivery latency     p50 0.85ms  p95 1.06ms  p99 1.09ms  max 2.07ms  (same-host clock — see notes)
 Message mix          trade 40.0%  bid 30.0%  ask 30.0%
 Symbol skew          top-1 14.5%  top-10 59.1%  top-50 98.7%  (250 symbols seen)
 Heartbeats             0   max interval 0ms   (configured 1000ms; 0 exceeded 2x)
 Auction prints         0   (observation only — Flags=0 on the default Continuous session mode; see notes)
────────────────────────────────────────────────────────────
 Top 20 symbols
   COMI         72,400    14.5%
   CIB          44,667     8.9%
   ORAS         33,891     6.8%
   SWDY         28,817     5.8%
   HRHO         24,629     4.9%
   TMGH         21,593     4.3%
   ETEL         19,554     3.9%
   EAST         18,274     3.7%
   ABUK         16,496     3.3%
   FWRY         15,516     3.1%
   SKPC         13,572     2.7%
   ESRS         12,565     2.5%
   AMOC         11,992     2.4%
   MNHD         11,137     2.2%
   PHDC         10,360     2.1%
   EFIH          9,867     2.0%
   ORWE          9,381     1.9%
   JUFO          8,887     1.8%
   ISPH          8,629     1.7%
   CLHO          7,992     1.6%
────────────────────────────────────────────────────────────
 End reason: duration-elapsed
 RESULT: PASS   (exit 0)
════════════════════════════════════════════════════════════
 Report written to /Users/fadi/Work/Tckr/benchmarks/phase-2/raw/s7_slowconsumer_DropOldest/run2/probe.json
