Tckr.FeedProbe connecting to 127.0.0.1:9001 (duration 20s, target 25,000/s, expecting drops)
 [   5.0s] events      125,250   interval    25,029/s   overall    25,029/s   gaps   0   framing-errors   0
 [probe] --stall-after reached: pausing reads for 5s to exercise the slow-consumer policy.
 [probe] resuming reads.
 [  10.0s] events      126,739   interval       298/s   overall    25,319/s   gaps   0   framing-errors   0
 [  15.0s] events      266,250   interval    27,890/s   overall    26,604/s   gaps   1   framing-errors   0

════════════════════════════════════════════════════════════
 Tckr.FeedProbe — session 563b…0dbc — 15.0s
────────────────────────────────────────────────────────────
 Events received           391,125
 Achieved rate           26,069 /s   (target 25,000 — 104.3%)
 Rate min/max               298 /s      27,890 /s   (per report interval)
 Sequence gaps          1   (109,125 record(s) lost, expected under DropOldest)
 Sequence integrity     0   (reorder/duplicate — always a bug, never a policy)
 Framing errors         0
 Wire throughput        1.09 MB/s   (44.0 bytes/event)
 Inter-arrival        p50 0.00ms  p95 0.00ms  p99 0.00ms  max 5002.63ms
 Delivery latency     p50 0.93ms  p95 1.10ms  p99 4844.43ms  max 4998.47ms  (same-host clock — see notes)
 Message mix          trade 40.0%  bid 30.0%  ask 30.0%
 Symbol skew          top-1 14.5%  top-10 59.2%  top-50 98.7%  (250 symbols seen)
 Heartbeats             0   max interval 0ms   (configured 1000ms; 0 exceeded 2x)
 Auction prints         0   (observation only — Flags=0 on the default Continuous session mode; see notes)
 Stall test           --stall-after 5s, paused 5s, outcome: continued
────────────────────────────────────────────────────────────
 Top 20 symbols
   COMI         56,525    14.5%
   CIB          34,832     8.9%
   ORAS         26,589     6.8%
   SWDY         22,542     5.8%
   HRHO         19,291     4.9%
   TMGH         16,915     4.3%
   ETEL         15,227     3.9%
   EAST         14,398     3.7%
   ABUK         12,986     3.3%
   FWRY         12,161     3.1%
   SKPC         10,622     2.7%
   ESRS          9,820     2.5%
   AMOC          9,450     2.4%
   MNHD          8,772     2.2%
   PHDC          8,046     2.1%
   EFIH          7,775     2.0%
   ORWE          7,306     1.9%
   JUFO          6,891     1.8%
   ISPH          6,690     1.7%
   CLHO          6,225     1.6%
────────────────────────────────────────────────────────────
 End reason: duration-elapsed
 RESULT: FAIL   (exit 2)
════════════════════════════════════════════════════════════
 Report written to /Users/fadi/Work/Tckr/benchmarks/phase-2/raw/s7_slowconsumer_DropOldest/run2/probe2.json
