Tckr.FeedProbe connecting to 127.0.0.1:9001 (duration 20s, target 25,000/s)
 [   5.0s] events      125,125   interval    25,022/s   overall    25,022/s   gaps   0   framing-errors   0
 [  10.0s] events      250,250   interval    25,000/s   overall    25,011/s   gaps   0   framing-errors   0
 [  15.0s] events      375,250   interval    25,000/s   overall    25,007/s   gaps   0   framing-errors   0

════════════════════════════════════════════════════════════
 Tckr.FeedProbe — session 1de5…f574 — 20.0s
────────────────────────────────────────────────────────────
 Events received           500,125
 Achieved rate           25,005 /s   (target 25,000 — 100.0%)
 Rate min/max            25,000 /s      25,022 /s   (per report interval)
 Sequence gaps          0   (0 record(s) lost)
 Sequence integrity     0   (reorder/duplicate — always a bug, never a policy)
 Framing errors         0
 Wire throughput        1.05 MB/s   (44.0 bytes/event)
 Inter-arrival        p50 0.00ms  p95 0.00ms  p99 0.00ms  max 10.11ms
 Delivery latency     p50 0.60ms  p95 0.72ms  p99 0.74ms  max 1.62ms  (same-host clock — see notes)
 Message mix          trade 40.0%  bid 30.0%  ask 30.0%
 Symbol skew          top-1 14.4%  top-10 58.8%  top-50 98.1%  (969 symbols seen)
 Heartbeats             0   max interval 0ms   (configured 1000ms; 0 exceeded 2x)
 Auction prints         0   (observation only — Flags=0 on the default Continuous session mode; see notes)
────────────────────────────────────────────────────────────
 Top 20 symbols
   COMI         72,108    14.4%
   CIB          44,619     8.9%
   ORAS         33,750     6.7%
   SWDY         28,559     5.7%
   HRHO         24,343     4.9%
   TMGH         21,445     4.3%
   ETEL         19,448     3.9%
   EAST         17,922     3.6%
   ABUK         16,533     3.3%
   FWRY         15,362     3.1%
   SKPC         13,812     2.8%
   ESRS         12,328     2.5%
   AMOC         11,781     2.4%
   MNHD         11,095     2.2%
   PHDC         10,304     2.1%
   EFIH          9,902     2.0%
   ORWE          9,241     1.8%
   JUFO          8,932     1.8%
   ISPH          8,422     1.7%
   CLHO          7,909     1.6%
────────────────────────────────────────────────────────────
 End reason: duration-elapsed
 RESULT: PASS   (exit 0)
════════════════════════════════════════════════════════════
 Report written to /Users/fadi/Work/Tckr/benchmarks/phase-2/raw/s6_universe_1000/run2/probe.json
