info: Tckr.MockExchange.Feed.FeedServer[0]
      Feed server listening on 127.0.0.1:9001 for up to 8 sessions.
info: Tckr.MockExchange.FeedPublisherService[0]
      Mock exchange starting: seed=20260907 symbols=250 target=100000/s mode=Continuous listen=127.0.0.1:9001 build=RELEASE.
info: Microsoft.Hosting.Lifetime[0]
      Application started. Press Ctrl+C to shut down.
info: Microsoft.Hosting.Lifetime[0]
      Hosting environment: Production
info: Microsoft.Hosting.Lifetime[0]
      Content root path: /Users/fadi/Work/Tckr/src/Tckr.MockExchange
info: Tckr.MockExchange.Diagnostics.ThroughputReporter[0]
      Feed status phase=ContinuousMorning target=100000/s achieved=99500/s (99.5%) sessions=0 no consumers connected lag_p99=0.0ms dropped=0 slow_disconnects=0 uptime=00:00:05
info: Tckr.MockExchange.Feed.FeedServer[0]
      Feed session 03f181e6-6338-4ce8-8190-ec7955b6da0a accepted from 127.0.0.1:50157.
info: Tckr.MockExchange.Diagnostics.ThroughputReporter[0]
      Feed status phase=ContinuousMorning target=100000/s achieved=100000/s (100.0%) sessions=1 lag_p99=0.0ms dropped=0 slow_disconnects=0 uptime=00:00:10
info: Tckr.MockExchange.Diagnostics.ThroughputReporter[0]
      Feed status phase=ContinuousMorning target=100000/s achieved=100000/s (100.0%) sessions=1 lag_p99=0.0ms dropped=0 slow_disconnects=0 uptime=00:00:15
info: Tckr.MockExchange.Diagnostics.ThroughputReporter[0]
      Feed status phase=ContinuousMorning target=100000/s achieved=100000/s (100.0%) sessions=1 lag_p99=0.0ms dropped=0 slow_disconnects=0 uptime=00:00:20
info: Tckr.MockExchange.Diagnostics.ThroughputReporter[0]
      Feed status phase=ContinuousMorning target=100000/s achieved=100000/s (100.0%) sessions=1 lag_p99=0.0ms dropped=0 slow_disconnects=0 uptime=00:00:25
info: Tckr.MockExchange.Feed.FeedServer[0]
      Feed session 03f181e6-6338-4ce8-8190-ec7955b6da0a at 127.0.0.1:50157 ended: client-closed.
info: Tckr.MockExchange.Feed.FeedServer[0]
      Feed session 03f181e6-6338-4ce8-8190-ec7955b6da0a closed: client-closed. Sent 88902036 bytes, dropped 0 records.
info: Microsoft.Hosting.Lifetime[0]
      Application is shutting down...
info: Tckr.MockExchange.Feed.FeedServer[0]
      Feed server stopping; draining 0 sessions within 2000 ms.
info: Tckr.MockExchange.Feed.FeedServer[0]
      Feed server stopped.
info: Tckr.MockExchange.Diagnostics.ThroughputReporter[0]
      Feed status phase=ContinuousMorning target=100000/s achieved=100000/s (100.0%) sessions=0 no consumers connected lag_p99=0.0ms dropped=0 slow_disconnects=0 uptime=00:00:25
