Tckr.FeedProbe connecting to 127.0.0.1:9001 (duration 20s, target 100,000/s)
 [   5.0s] events      501,000   interval   100,116/s   overall   100,116/s   gaps   0   framing-errors   0
 [  10.0s] events    1,001,000   interval   100,000/s   overall   100,058/s   gaps   0   framing-errors   0
 [  15.0s] events    1,501,500   interval   100,000/s   overall   100,039/s   gaps   0   framing-errors   0

════════════════════════════════════════════════════════════
 Tckr.FeedProbe — session 03f1…da0a — 20.0s
────────────────────────────────────────────────────────────
 Events received         2,001,000
 Achieved rate          100,028 /s   (target 100,000 — 100.0%)
 Rate min/max           100,000 /s     100,116 /s   (per report interval)
 Sequence gaps          0   (0 record(s) lost)
 Sequence integrity     0   (reorder/duplicate — always a bug, never a policy)
 Framing errors         0
 Wire throughput        4.20 MB/s   (44.0 bytes/event)
 Inter-arrival        p50 0.00ms  p95 0.00ms  p99 0.00ms  max 6.70ms
 Delivery latency     p50 0.66ms  p95 0.69ms  p99 0.72ms  max 1.71ms  (same-host clock — see notes)
 Message mix          trade 40.1%  bid 30.0%  ask 30.0%
 Symbol skew          top-1 14.5%  top-10 59.2%  top-50 98.7%  (250 symbols seen)
 Heartbeats             0   max interval 0ms   (configured 1000ms; 0 exceeded 2x)
 Auction prints         0   (observation only — Flags=0 on the default Continuous session mode; see notes)
────────────────────────────────────────────────────────────
 Top 20 symbols
   COMI        289,355    14.5%
   CIB         178,813     8.9%
   ORAS        135,593     6.8%
   SWDY        115,661     5.8%
   HRHO         97,980     4.9%
   TMGH         86,714     4.3%
   ETEL         78,312     3.9%
   EAST         72,412     3.6%
   ABUK         66,653     3.3%
   FWRY         62,436     3.1%
   SKPC         54,450     2.7%
   ESRS         50,512     2.5%
   AMOC         47,274     2.4%
   MNHD         44,632     2.2%
   PHDC         41,971     2.1%
   EFIH         39,819     2.0%
   ORWE         37,689     1.9%
   JUFO         35,965     1.8%
   ISPH         34,048     1.7%
   CLHO         32,301     1.6%
────────────────────────────────────────────────────────────
 End reason: duration-elapsed
 RESULT: PASS   (exit 0)
════════════════════════════════════════════════════════════
 Report written to /Users/fadi/Work/Tckr/benchmarks/phase-2/raw/s4_headroom_100000/run1/probe.json
