Tckr.FeedProbe connecting to 127.0.0.1:9001 (duration 20s, target 25,000/s)
 [   5.0s] events      125,250   interval    25,028/s   overall    25,028/s   gaps   0   framing-errors   0
 [  10.0s] events      250,375   interval    25,000/s   overall    25,014/s   gaps   0   framing-errors   0
 [  15.0s] events      375,375   interval    25,000/s   overall    25,009/s   gaps   0   framing-errors   0

════════════════════════════════════════════════════════════
 Tckr.FeedProbe — session 299d…cbe7 — 20.0s
────────────────────────────────────────────────────────────
 Events received           500,250
 Achieved rate           25,007 /s   (target 25,000 — 100.0%)
 Rate min/max            25,000 /s      25,028 /s   (per report interval)
 Sequence gaps          0   (0 record(s) lost)
 Sequence integrity     0   (reorder/duplicate — always a bug, never a policy)
 Framing errors         0
 Wire throughput        1.05 MB/s   (44.0 bytes/event)
 Inter-arrival        p50 0.00ms  p95 0.00ms  p99 0.00ms  max 9.83ms
 Delivery latency     p50 0.82ms  p95 0.85ms  p99 0.86ms  max 1.76ms  (same-host clock — see notes)
 Message mix          trade 40.0%  bid 30.0%  ask 30.0%
 Symbol skew          top-1 14.5%  top-10 59.1%  top-50 98.7%  (250 symbols seen)
 Heartbeats             0   max interval 0ms   (configured 1000ms; 0 exceeded 2x)
 Auction prints         0   (observation only — Flags=0 on the default Continuous session mode; see notes)
────────────────────────────────────────────────────────────
 Top 20 symbols
   COMI         72,424    14.5%
   CIB          44,710     8.9%
   ORAS         33,862     6.8%
   SWDY         28,805     5.8%
   HRHO         24,642     4.9%
   TMGH         21,584     4.3%
   ETEL         19,562     3.9%
   EAST         18,266     3.7%
   ABUK         16,484     3.3%
   FWRY         15,538     3.1%
   SKPC         13,578     2.7%
   ESRS         12,558     2.5%
   AMOC         12,006     2.4%
   MNHD         11,128     2.2%
   PHDC         10,358     2.1%
   EFIH          9,863     2.0%
   ORWE          9,368     1.9%
   JUFO          8,877     1.8%
   ISPH          8,634     1.7%
   CLHO          8,002     1.6%
────────────────────────────────────────────────────────────
 End reason: duration-elapsed
 RESULT: PASS   (exit 0)
════════════════════════════════════════════════════════════
 Report written to /Users/fadi/Work/Tckr/benchmarks/phase-2/raw/s5_fanout_1/run1/probe_1.json
