Tckr.FeedProbe connecting to 127.0.0.1:9001 (duration 20s, target 25,000/s)
 [   5.0s] events      125,250   interval    25,037/s   overall    25,037/s   gaps   0   framing-errors   0
 [  10.0s] events      250,250   interval    25,000/s   overall    25,019/s   gaps   0   framing-errors   0
 [  15.0s] events      375,250   interval    25,000/s   overall    25,012/s   gaps   0   framing-errors   0

════════════════════════════════════════════════════════════
 Tckr.FeedProbe — session 31fa…8c5a — 20.0s
────────────────────────────────────────────────────────────
 Events received           500,250
 Achieved rate           25,009 /s   (target 25,000 — 100.0%)
 Rate min/max            25,000 /s      25,037 /s   (per report interval)
 Sequence gaps          0   (0 record(s) lost)
 Sequence integrity     0   (reorder/duplicate — always a bug, never a policy)
 Framing errors         0
 Wire throughput        1.05 MB/s   (44.0 bytes/event)
 Inter-arrival        p50 0.00ms  p95 0.00ms  p99 0.00ms  max 11.40ms
 Delivery latency     p50 0.30ms  p95 0.43ms  p99 0.45ms  max 2.87ms  (same-host clock — see notes)
 Message mix          trade 40.0%  bid 30.0%  ask 30.0%
 Symbol skew          top-1 14.7%  top-10 60.0%  top-50 100.0%  (50 symbols seen)
 Heartbeats             0   max interval 0ms   (configured 1000ms; 0 exceeded 2x)
 Auction prints         0   (observation only — Flags=0 on the default Continuous session mode; see notes)
────────────────────────────────────────────────────────────
 Top 20 symbols
   COMI         73,312    14.7%
   CIB          45,297     9.1%
   ORAS         34,482     6.9%
   SWDY         29,298     5.9%
   HRHO         24,829     5.0%
   TMGH         22,151     4.4%
   ETEL         19,642     3.9%
   EAST         18,398     3.7%
   ABUK         16,720     3.3%
   FWRY         15,781     3.2%
   SKPC         13,996     2.8%
   ESRS         12,735     2.5%
   AMOC         12,169     2.4%
   MNHD         11,392     2.3%
   PHDC         10,748     2.1%
   EFIH         10,008     2.0%
   ORWE          9,638     1.9%
   JUFO          9,030     1.8%
   ISPH          8,612     1.7%
   CLHO          8,126     1.6%
────────────────────────────────────────────────────────────
 End reason: duration-elapsed
 RESULT: PASS   (exit 0)
════════════════════════════════════════════════════════════
 Report written to /Users/fadi/Work/Tckr/benchmarks/phase-2/raw/s6_universe_50/run2/probe.json
