Tckr.FeedProbe connecting to 127.0.0.1:9001 (duration 20s, target 25,000/s)
 [   5.0s] events      125,250   interval    25,034/s   overall    25,034/s   gaps   0   framing-errors   0
 [  10.0s] events      250,375   interval    25,000/s   overall    25,017/s   gaps   0   framing-errors   0
 [  15.0s] events      375,375   interval    25,000/s   overall    25,012/s   gaps   0   framing-errors   0

════════════════════════════════════════════════════════════
 Tckr.FeedProbe — session 1ece…f87a — 20.0s
────────────────────────────────────────────────────────────
 Events received           500,250
 Achieved rate           25,009 /s   (target 25,000 — 100.0%)
 Rate min/max            25,000 /s      25,034 /s   (per report interval)
 Sequence gaps          0   (0 record(s) lost)
 Sequence integrity     0   (reorder/duplicate — always a bug, never a policy)
 Framing errors         0
 Wire throughput        1.05 MB/s   (44.0 bytes/event)
 Inter-arrival        p50 0.00ms  p95 0.00ms  p99 0.00ms  max 10.14ms
 Delivery latency     p50 0.38ms  p95 0.48ms  p99 0.52ms  max 2.48ms  (same-host clock — see notes)
 Message mix          trade 40.0%  bid 30.0%  ask 30.0%
 Symbol skew          top-1 14.5%  top-10 59.1%  top-50 98.7%  (250 symbols seen)
 Heartbeats             0   max interval 0ms   (configured 1000ms; 0 exceeded 2x)
 Auction prints         0   (observation only — Flags=0 on the default Continuous session mode; see notes)
────────────────────────────────────────────────────────────
 Top 20 symbols
   COMI         72,411    14.5%
   CIB          44,713     8.9%
   ORAS         33,874     6.8%
   SWDY         28,801     5.8%
   HRHO         24,642     4.9%
   TMGH         21,586     4.3%
   ETEL         19,567     3.9%
   EAST         18,266     3.7%
   ABUK         16,491     3.3%
   FWRY         15,541     3.1%
   SKPC         13,577     2.7%
   ESRS         12,555     2.5%
   AMOC         12,003     2.4%
   MNHD         11,122     2.2%
   PHDC         10,359     2.1%
   EFIH          9,866     2.0%
   ORWE          9,368     1.9%
   JUFO          8,872     1.8%
   ISPH          8,631     1.7%
   CLHO          7,997     1.6%
────────────────────────────────────────────────────────────
 End reason: duration-elapsed
 RESULT: PASS   (exit 0)
════════════════════════════════════════════════════════════
 Report written to /Users/fadi/Work/Tckr/benchmarks/phase-2/raw/s5_fanout_8/run3/probe_4.json
