Tckr.FeedProbe connecting to 127.0.0.1:9001 (duration 20s, target 25,000/s)
 [   5.0s] events      125,125   interval    25,020/s   overall    25,020/s   gaps   0   framing-errors   0
 [probe] --stall-after reached: pausing reads for 5s to exercise the slow-consumer policy.
 [probe] resuming reads.
 [  10.0s] events      126,614   interval       298/s   overall    25,310/s   gaps   0   framing-errors   0

════════════════════════════════════════════════════════════
 Tckr.FeedProbe — session 0889…b99b — 5.0s
────────────────────────────────────────────────────────────
 Events received           236,500
 Achieved rate           47,154 /s   (target 25,000 — 188.6%)
 Rate min/max               298 /s      25,020 /s   (per report interval)
 Sequence gaps          0   (0 record(s) lost)
 Sequence integrity     0   (reorder/duplicate — always a bug, never a policy)
 Framing errors         0
 Wire throughput        1.98 MB/s   (44.0 bytes/event)
 Inter-arrival        p50 0.00ms  p95 0.00ms  p99 0.00ms  max 5002.67ms
 Delivery latency     p50 1.26ms  p95 4530.89ms  p99 4909.40ms  max 4999.06ms  (same-host clock — see notes)
 Message mix          trade 40.1%  bid 30.0%  ask 29.9%
 Symbol skew          top-1 14.6%  top-10 59.3%  top-50 98.7%  (249 symbols seen)
 Heartbeats             0   max interval 0ms   (configured 1000ms; 0 exceeded 2x)
 Auction prints         0   (observation only — Flags=0 on the default Continuous session mode; see notes)
 Stall test           --stall-after 5s, paused 5s, outcome: eof
────────────────────────────────────────────────────────────
 Top 20 symbols
   COMI         34,450    14.6%
   CIB          21,195     9.0%
   ORAS         16,085     6.8%
   SWDY         13,564     5.7%
   HRHO         11,736     5.0%
   TMGH         10,290     4.4%
   ETEL          9,254     3.9%
   EAST          8,596     3.6%
   ABUK          7,697     3.3%
   FWRY          7,289     3.1%
   SKPC          6,417     2.7%
   ESRS          5,999     2.5%
   AMOC          5,614     2.4%
   MNHD          5,057     2.1%
   PHDC          4,926     2.1%
   EFIH          4,638     2.0%
   ORWE          4,347     1.8%
   JUFO          4,185     1.8%
   ISPH          4,072     1.7%
   CLHO          3,741     1.6%
────────────────────────────────────────────────────────────
 End reason: eof
 RESULT: FAIL   (exit 2)
════════════════════════════════════════════════════════════
 Report written to /Users/fadi/Work/Tckr/benchmarks/phase-2/raw/s7_slowconsumer_Disconnect/run2/probe2.json
