Tckr.FeedProbe connecting to 127.0.0.1:9001 (duration 20s, target 5,000/s)
 [   5.0s] events       25,050   interval     5,008/s   overall     5,008/s   gaps   0   framing-errors   0
 [  10.0s] events       50,075   interval     5,000/s   overall     5,004/s   gaps   0   framing-errors   0
 [  15.0s] events       75,075   interval     5,000/s   overall     5,003/s   gaps   0   framing-errors   0

════════════════════════════════════════════════════════════
 Tckr.FeedProbe — session 1d4e…b9bf — 20.0s
────────────────────────────────────────────────────────────
 Events received           100,050
 Achieved rate            5,002 /s   (target 5,000 — 100.0%)
 Rate min/max             5,000 /s       5,008 /s   (per report interval)
 Sequence gaps          0   (0 record(s) lost)
 Sequence integrity     0   (reorder/duplicate — always a bug, never a policy)
 Framing errors         0
 Wire throughput        0.21 MB/s   (44.0 bytes/event)
 Inter-arrival        p50 0.00ms  p95 0.00ms  p99 5.01ms  max 6.60ms
 Delivery latency     p50 0.21ms  p95 0.26ms  p99 0.31ms  max 2.96ms  (same-host clock — see notes)
 Message mix          trade 40.2%  bid 29.9%  ask 29.9%
 Symbol skew          top-1 14.4%  top-10 58.9%  top-50 98.7%  (246 symbols seen)
 Heartbeats             0   max interval 0ms   (configured 1000ms; 0 exceeded 2x)
 Auction prints         0   (observation only — Flags=0 on the default Continuous session mode; see notes)
────────────────────────────────────────────────────────────
 Top 20 symbols
   COMI         14,374    14.4%
   CIB           8,966     9.0%
   ORAS          6,769     6.8%
   SWDY          5,868     5.9%
   HRHO          4,916     4.9%
   TMGH          4,299     4.3%
   ETEL          3,870     3.9%
   EAST          3,566     3.6%
   ABUK          3,268     3.3%
   FWRY          3,079     3.1%
   SKPC          2,750     2.7%
   ESRS          2,598     2.6%
   AMOC          2,398     2.4%
   MNHD          2,268     2.3%
   PHDC          2,036     2.0%
   EFIH          1,957     2.0%
   ORWE          1,888     1.9%
   JUFO          1,805     1.8%
   ISPH          1,765     1.8%
   CLHO          1,703     1.7%
────────────────────────────────────────────────────────────
 End reason: duration-elapsed
 RESULT: PASS   (exit 0)
════════════════════════════════════════════════════════════
 Report written to /Users/fadi/Work/Tckr/benchmarks/phase-2/raw/s2_ramp_5000/run2/probe.json
