Tckr.FeedProbe connecting to 127.0.0.1:9001 (duration 20s, target 25,000/s)
 [   5.0s] events      125,250   interval    25,036/s   overall    25,036/s   gaps   0   framing-errors   0
 [  10.0s] events      250,375   interval    25,000/s   overall    25,018/s   gaps   0   framing-errors   0
 [  15.0s] events      375,375   interval    25,000/s   overall    25,012/s   gaps   0   framing-errors   0

════════════════════════════════════════════════════════════
 Tckr.FeedProbe — session edbe…2cf7 — 20.0s
────────────────────────────────────────────────────────────
 Events received           500,250
 Achieved rate           25,009 /s   (target 25,000 — 100.0%)
 Rate min/max            25,000 /s      25,036 /s   (per report interval)
 Sequence gaps          0   (0 record(s) lost)
 Sequence integrity     0   (reorder/duplicate — always a bug, never a policy)
 Framing errors         0
 Wire throughput        1.05 MB/s   (44.0 bytes/event)
 Inter-arrival        p50 0.00ms  p95 0.00ms  p99 0.00ms  max 11.50ms
 Delivery latency     p50 0.75ms  p95 0.88ms  p99 0.90ms  max 3.13ms  (same-host clock — see notes)
 Message mix          trade 40.0%  bid 30.0%  ask 30.0%
 Symbol skew          top-1 14.7%  top-10 60.0%  top-50 100.0%  (50 symbols seen)
 Heartbeats             0   max interval 0ms   (configured 1000ms; 0 exceeded 2x)
 Auction prints         0   (observation only — Flags=0 on the default Continuous session mode; see notes)
────────────────────────────────────────────────────────────
 Top 20 symbols
   COMI         73,309    14.7%
   CIB          45,291     9.1%
   ORAS         34,484     6.9%
   SWDY         29,296     5.9%
   HRHO         24,824     5.0%
   TMGH         22,148     4.4%
   ETEL         19,642     3.9%
   EAST         18,403     3.7%
   ABUK         16,725     3.3%
   FWRY         15,783     3.2%
   SKPC         13,992     2.8%
   ESRS         12,735     2.5%
   AMOC         12,173     2.4%
   MNHD         11,391     2.3%
   PHDC         10,750     2.1%
   EFIH         10,011     2.0%
   ORWE          9,639     1.9%
   JUFO          9,031     1.8%
   ISPH          8,612     1.7%
   CLHO          8,124     1.6%
────────────────────────────────────────────────────────────
 End reason: duration-elapsed
 RESULT: PASS   (exit 0)
════════════════════════════════════════════════════════════
 Report written to /Users/fadi/Work/Tckr/benchmarks/phase-2/raw/s6_universe_50/run3/probe.json
